backend\housekeeper\houseelegantservice\infrastucture\persistence\jpa\repositories\MensajeriaTravellerRepository.class
backend\housekeeper\houseelegantservice\interfaces\rest\transform\HouseResourceFromEntityAssembler.class
backend\housekeeper\houseelegantservice\domain\model\aggregates\MensajeriaTraveller.class
backend\housekeeper\houseelegantservice\interfaces\rest\resources\MensajeriaResource.class
backend\housekeeper\HouseKeeperApplication$1.class
backend\housekeeper\houseelegantservice\application\internal\queryservices\MensajeriaQueryServiceImpl.class
backend\housekeeper\houseelegantservice\domain\service\HouseQueryService.class
backend\housekeeper\houseelegantservice\domain\service\ViajeQueryService.class
backend\housekeeper\houseelegantservice\application\internal\commandservices\HouseCommandServiceImpl.class
backend\housekeeper\houseelegantservice\application\internal\queryservices\KeeperRequestQueryServiceImpl.class
backend\housekeeper\houseelegantservice\interfaces\rest\resources\CreateKeeperRequestResource.class
backend\housekeeper\houseelegantservice\domain\model\command\CreateViajeCommand.class
backend\housekeeper\houseelegantservice\application\internal\commandservices\MensajeriaCommandServiceImpl.class
backend\housekeeper\houseelegantservice\domain\model\command\CreateKeeperRequestCommand.class
backend\housekeeper\houseelegantservice\domain\model\query\GetKeeperByIdQuery.class
backend\housekeeper\houseelegantservice\interfaces\rest\transform\CreateKeeperCommandFromResourceAssembler.class
backend\housekeeper\houseelegantservice\interfaces\rest\transform\MensajeriaResourceFromEntityAssembler.class
backend\housekeeper\houseelegantservice\domain\model\query\GetHouseByIdQuery.class
backend\housekeeper\houseelegantservice\domain\service\KeeperCommandService.class
backend\housekeeper\houseelegantservice\domain\service\KeeperRequestCommandService.class
backend\housekeeper\houseelegantservice\interfaces\rest\MensajeriaController.class
backend\housekeeper\houseelegantservice\domain\model\command\CreateKeeperCommand.class
backend\housekeeper\houseelegantservice\interfaces\rest\resources\KeeperRequestResource.class
backend\housekeeper\houseelegantservice\application\internal\commandservices\ViajeCommandServiceImpl.class
backend\housekeeper\houseelegantservice\infrastucture\persistence\jpa\repositories\KeeperRequestRepository.class
backend\housekeeper\houseelegantservice\interfaces\rest\transform\CreateMensajeriaCommandFromResourceAssembler.class
backend\housekeeper\houseelegantservice\domain\model\query\GetAllMensajesQuery.class
backend\housekeeper\houseelegantservice\application\internal\commandservices\KeeperRequestCommandServiceImpl.class
backend\housekeeper\houseelegantservice\interfaces\rest\transform\CreateViajeCommandFromResourceAssembler.class
backend\housekeeper\houseelegantservice\domain\model\command\CreateHouseCommand.class
backend\housekeeper\houseelegantservice\interfaces\rest\transform\KeeperResourceFromEntityAssembler.class
backend\housekeeper\houseelegantservice\interfaces\rest\KeeperRequestsController.class
backend\housekeeper\houseelegantservice\interfaces\rest\PexelsController.class
backend\housekeeper\houseelegantservice\interfaces\rest\MensajeriaTravellerController.class
backend\housekeeper\HouseKeeperApplication.class
backend\housekeeper\houseelegantservice\domain\model\aggregates\House.class
backend\housekeeper\houseelegantservice\interfaces\rest\transform\MensajeriaTravellerResourceFromEntityAssembler.class
backend\housekeeper\houseelegantservice\interfaces\rest\resources\CreateViajeResource.class
backend\housekeeper\houseelegantservice\domain\model\query\GetViajeAllQuery.class
backend\housekeeper\houseelegantservice\interfaces\rest\resources\MensajeriaTravellerResource.class
backend\housekeeper\houseelegantservice\interfaces\rest\transform\ViajeResourceFromEntityAssembler.class
backend\housekeeper\houseelegantservice\application\service\PexelsService.class
backend\housekeeper\houseelegantservice\domain\model\valueobjects\EmailAddress.class
backend\housekeeper\houseelegantservice\interfaces\rest\resources\CreateKeeperResource.class
backend\housekeeper\houseelegantservice\application\internal\commandservices\MensajeriaTravellerCommandServiceImpl.class
backend\housekeeper\houseelegantservice\application\internal\queryservices\KeeperQueryServiceImpl.class
backend\housekeeper\houseelegantservice\infrastucture\config\RestTemplateConfig.class
backend\housekeeper\houseelegantservice\domain\model\aggregates\KeeperRequest.class
backend\housekeeper\houseelegantservice\application\internal\queryservices\MensajeriaTravellerQueryServiceImpl.class
backend\housekeeper\houseelegantservice\domain\model\query\GetMensajeriaTravellerByIdQuery.class
backend\housekeeper\houseelegantservice\interfaces\rest\transform\CreateKeeperRequestCommandFromResourceAssembler.class
backend\housekeeper\shared\infrastucture\documentation\openai\configuration\OpenApiConfiguration.class
backend\housekeeper\houseelegantservice\interfaces\rest\resources\CreateHouseResource.class
backend\housekeeper\houseelegantservice\domain\service\HouseCommandService.class
backend\housekeeper\houseelegantservice\infrastucture\persistence\jpa\repositories\HouseRepository.class
backend\housekeeper\houseelegantservice\interfaces\rest\resources\ViajeResource.class
backend\housekeeper\houseelegantservice\application\internal\commandservices\KeeperCommandServiceImpl.class
backend\housekeeper\houseelegantservice\domain\model\aggregates\Viaje.class
backend\housekeeper\houseelegantservice\domain\model\query\GetViajeByIdQuery.class
backend\housekeeper\houseelegantservice\domain\service\MensajeriaTravellerQueryService.class
backend\housekeeper\houseelegantservice\interfaces\rest\transform\KeeperRequestResourceFromEntityAssembler.class
backend\housekeeper\houseelegantservice\infrastucture\persistence\jpa\repositories\MensajeriaRepository.class
backend\housekeeper\houseelegantservice\interfaces\rest\ViajesController.class
backend\housekeeper\houseelegantservice\application\internal\queryservices\ViajeQueryServiceImpl.class
backend\housekeeper\houseelegantservice\domain\model\query\GetKeeperRequestAllQuery.class
backend\housekeeper\houseelegantservice\domain\model\aggregates\Mensajeria.class
backend\housekeeper\houseelegantservice\domain\service\KeeperRequestQueryService.class
backend\housekeeper\houseelegantservice\domain\service\MensajeriaCommandService.class
backend\housekeeper\shared\domain\model\entities\AuditableModel.class
backend\housekeeper\houseelegantservice\domain\service\MensajeriaTravellerCommandService.class
backend\housekeeper\houseelegantservice\interfaces\rest\resources\CreateMensajeriaTravellerResource.class
backend\housekeeper\houseelegantservice\interfaces\rest\resources\HouseResource.class
backend\housekeeper\houseelegantservice\domain\model\command\CreateMensajeriaCommand.class
backend\housekeeper\houseelegantservice\domain\model\valueobjects\PersonName.class
backend\housekeeper\houseelegantservice\domain\model\query\GetMensajeriaByIdQuery.class
backend\housekeeper\houseelegantservice\interfaces\rest\HousesController.class
backend\housekeeper\houseelegantservice\interfaces\rest\KeepersController.class
backend\housekeeper\houseelegantservice\interfaces\rest\resources\KeeperResource.class
backend\housekeeper\houseelegantservice\domain\service\MensajeriaQueryService.class
backend\housekeeper\houseelegantservice\application\internal\queryservices\HouseQueryServiceImpl.class
backend\housekeeper\houseelegantservice\domain\model\command\CreateMensajeriaTravellerCommand.class
backend\housekeeper\houseelegantservice\infrastucture\persistence\jpa\repositories\ViajeRepository.class
backend\housekeeper\houseelegantservice\domain\model\aggregates\Keeper.class
backend\housekeeper\houseelegantservice\domain\model\query\GetAllKeepersQuery.class
backend\housekeeper\houseelegantservice\interfaces\rest\transform\CreateHouseCommandFromResourceAssembler.class
backend\housekeeper\houseelegantservice\interfaces\rest\resources\CreateMensajeriaResource.class
backend\housekeeper\houseelegantservice\interfaces\rest\transform\CreateMensajeriaTravellerCommandFromResourceAssembler.class
backend\housekeeper\houseelegantservice\domain\service\ViajeCommandService.class
backend\housekeeper\houseelegantservice\domain\model\query\GetAllHousesQuery.class
backend\housekeeper\houseelegantservice\infrastucture\persistence\jpa\repositories\KeeperRepository.class
backend\housekeeper\houseelegantservice\domain\model\query\GetKeeperRequestByIdQuery.class
backend\housekeeper\shared\infrastucture\persistence\jpa\strategy\SnakeCasePhysicalNamingStrategy.class
backend\housekeeper\houseelegantservice\domain\service\KeeperQueryService.class
