C:\Users\HP\IdeaProjects\Back-End-TF\src\main\java\backend\housekeeper\houseelegantservice\infrastucture\persistence\jpa\repositories\ViajeRepository.java
C:\Users\HP\IdeaProjects\Back-End-TF\src\main\java\backend\housekeeper\houseelegantservice\interfaces\rest\resources\CreateMensajeriaTravellerResource.java
C:\Users\HP\IdeaProjects\Back-End-TF\src\main\java\backend\housekeeper\houseelegantservice\domain\service\KeeperRequestCommandService.java
C:\Users\HP\IdeaProjects\Back-End-TF\src\main\java\backend\housekeeper\houseelegantservice\domain\service\ViajeCommandService.java
C:\Users\HP\IdeaProjects\Back-End-TF\src\main\java\backend\housekeeper\houseelegantservice\interfaces\rest\resources\KeeperResource.java
C:\Users\HP\IdeaProjects\Back-End-TF\src\main\java\backend\housekeeper\houseelegantservice\domain\model\query\GetHouseByIdQuery.java
C:\Users\HP\IdeaProjects\Back-End-TF\src\main\java\backend\housekeeper\houseelegantservice\interfaces\rest\transform\CreateMensajeriaTravellerCommandFromResourceAssembler.java
C:\Users\HP\IdeaProjects\Back-End-TF\src\main\java\backend\housekeeper\houseelegantservice\infrastucture\persistence\jpa\repositories\KeeperRequestRepository.java
C:\Users\HP\IdeaProjects\Back-End-TF\src\main\java\backend\housekeeper\houseelegantservice\domain\service\KeeperQueryService.java
C:\Users\HP\IdeaProjects\Back-End-TF\src\main\java\backend\housekeeper\houseelegantservice\domain\model\command\CreateKeeperRequestCommand.java
C:\Users\HP\IdeaProjects\Back-End-TF\src\main\java\backend\housekeeper\shared\domain\model\entities\AuditableModel.java
C:\Users\HP\IdeaProjects\Back-End-TF\src\main\java\backend\housekeeper\houseelegantservice\domain\service\KeeperCommandService.java
C:\Users\HP\IdeaProjects\Back-End-TF\src\main\java\backend\housekeeper\houseelegantservice\domain\model\query\GetViajeByIdQuery.java
C:\Users\HP\IdeaProjects\Back-End-TF\src\main\java\backend\housekeeper\houseelegantservice\domain\model\query\GetAllKeepersQuery.java
C:\Users\HP\IdeaProjects\Back-End-TF\src\main\java\backend\housekeeper\houseelegantservice\interfaces\rest\transform\KeeperResourceFromEntityAssembler.java
C:\Users\HP\IdeaProjects\Back-End-TF\src\main\java\backend\housekeeper\houseelegantservice\domain\model\query\GetViajeAllQuery.java
C:\Users\HP\IdeaProjects\Back-End-TF\src\main\java\backend\housekeeper\houseelegantservice\domain\service\ViajeQueryService.java
C:\Users\HP\IdeaProjects\Back-End-TF\src\main\java\backend\housekeeper\houseelegantservice\domain\model\query\GetKeeperByIdQuery.java
C:\Users\HP\IdeaProjects\Back-End-TF\src\main\java\backend\housekeeper\houseelegantservice\interfaces\rest\resources\CreateKeeperResource.java
C:\Users\HP\IdeaProjects\Back-End-TF\src\main\java\backend\housekeeper\houseelegantservice\infrastucture\persistence\jpa\repositories\MensajeriaTravellerRepository.java
C:\Users\HP\IdeaProjects\Back-End-TF\src\main\java\backend\housekeeper\houseelegantservice\domain\service\HouseCommandService.java
C:\Users\HP\IdeaProjects\Back-End-TF\src\main\java\backend\housekeeper\houseelegantservice\interfaces\rest\KeepersController.java
C:\Users\HP\IdeaProjects\Back-End-TF\src\main\java\backend\housekeeper\houseelegantservice\interfaces\rest\transform\HouseResourceFromEntityAssembler.java
C:\Users\HP\IdeaProjects\Back-End-TF\src\main\java\backend\housekeeper\houseelegantservice\application\internal\queryservices\KeeperRequestQueryServiceImpl.java
C:\Users\HP\IdeaProjects\Back-End-TF\src\main\java\backend\housekeeper\houseelegantservice\domain\model\query\GetKeeperRequestAllQuery.java
C:\Users\HP\IdeaProjects\Back-End-TF\src\main\java\backend\housekeeper\houseelegantservice\interfaces\rest\PexelsController.java
C:\Users\HP\IdeaProjects\Back-End-TF\src\main\java\backend\housekeeper\houseelegantservice\interfaces\rest\transform\MensajeriaResourceFromEntityAssembler.java
C:\Users\HP\IdeaProjects\Back-End-TF\src\main\java\backend\housekeeper\houseelegantservice\interfaces\rest\HousesController.java
C:\Users\HP\IdeaProjects\Back-End-TF\src\main\java\backend\housekeeper\houseelegantservice\domain\model\command\CreateViajeCommand.java
C:\Users\HP\IdeaProjects\Back-End-TF\src\main\java\backend\housekeeper\houseelegantservice\interfaces\rest\transform\CreateKeeperCommandFromResourceAssembler.java
C:\Users\HP\IdeaProjects\Back-End-TF\src\main\java\backend\housekeeper\houseelegantservice\domain\model\command\CreateMensajeriaCommand.java
C:\Users\HP\IdeaProjects\Back-End-TF\src\main\java\backend\housekeeper\houseelegantservice\interfaces\rest\KeeperRequestsController.java
C:\Users\HP\IdeaProjects\Back-End-TF\src\main\java\backend\housekeeper\houseelegantservice\application\internal\queryservices\HouseQueryServiceImpl.java
C:\Users\HP\IdeaProjects\Back-End-TF\src\main\java\backend\housekeeper\houseelegantservice\interfaces\rest\transform\KeeperRequestResourceFromEntityAssembler.java
C:\Users\HP\IdeaProjects\Back-End-TF\src\main\java\backend\housekeeper\houseelegantservice\domain\model\aggregates\KeeperRequest.java
C:\Users\HP\IdeaProjects\Back-End-TF\src\main\java\backend\housekeeper\houseelegantservice\domain\model\aggregates\House.java
C:\Users\HP\IdeaProjects\Back-End-TF\src\main\java\backend\housekeeper\houseelegantservice\application\internal\queryservices\MensajeriaQueryServiceImpl.java
C:\Users\HP\IdeaProjects\Back-End-TF\src\main\java\backend\housekeeper\houseelegantservice\domain\service\MensajeriaCommandService.java
C:\Users\HP\IdeaProjects\Back-End-TF\src\main\java\backend\housekeeper\houseelegantservice\application\internal\queryservices\MensajeriaTravellerQueryServiceImpl.java
C:\Users\HP\IdeaProjects\Back-End-TF\src\main\java\backend\housekeeper\houseelegantservice\interfaces\rest\MensajeriaController.java
C:\Users\HP\IdeaProjects\Back-End-TF\src\main\java\backend\housekeeper\houseelegantservice\application\internal\commandservices\MensajeriaTravellerCommandServiceImpl.java
C:\Users\HP\IdeaProjects\Back-End-TF\src\main\java\backend\housekeeper\HouseKeeperApplication.java
C:\Users\HP\IdeaProjects\Back-End-TF\src\main\java\backend\housekeeper\houseelegantservice\infrastucture\persistence\jpa\repositories\MensajeriaRepository.java
C:\Users\HP\IdeaProjects\Back-End-TF\src\main\java\backend\housekeeper\houseelegantservice\domain\model\command\CreateHouseCommand.java
C:\Users\HP\IdeaProjects\Back-End-TF\src\main\java\backend\housekeeper\houseelegantservice\application\internal\commandservices\KeeperCommandServiceImpl.java
C:\Users\HP\IdeaProjects\Back-End-TF\src\main\java\backend\housekeeper\shared\infrastucture\persistence\jpa\strategy\SnakeCasePhysicalNamingStrategy.java
C:\Users\HP\IdeaProjects\Back-End-TF\src\main\java\backend\housekeeper\houseelegantservice\domain\model\query\GetKeeperRequestByIdQuery.java
C:\Users\HP\IdeaProjects\Back-End-TF\src\main\java\backend\housekeeper\houseelegantservice\interfaces\rest\resources\KeeperRequestResource.java
C:\Users\HP\IdeaProjects\Back-End-TF\src\main\java\backend\housekeeper\houseelegantservice\interfaces\rest\transform\CreateViajeCommandFromResourceAssembler.java
C:\Users\HP\IdeaProjects\Back-End-TF\src\main\java\backend\housekeeper\shared\infrastucture\documentation\openai\configuration\OpenApiConfiguration.java
C:\Users\HP\IdeaProjects\Back-End-TF\src\main\java\backend\housekeeper\houseelegantservice\application\internal\commandservices\MensajeriaCommandServiceImpl.java
C:\Users\HP\IdeaProjects\Back-End-TF\src\main\java\backend\housekeeper\houseelegantservice\interfaces\rest\resources\CreateMensajeriaResource.java
C:\Users\HP\IdeaProjects\Back-End-TF\src\main\java\backend\housekeeper\houseelegantservice\interfaces\rest\resources\HouseResource.java
C:\Users\HP\IdeaProjects\Back-End-TF\src\main\java\backend\housekeeper\houseelegantservice\application\internal\queryservices\KeeperQueryServiceImpl.java
C:\Users\HP\IdeaProjects\Back-End-TF\src\main\java\backend\housekeeper\houseelegantservice\domain\model\valueobjects\EmailAddress.java
C:\Users\HP\IdeaProjects\Back-End-TF\src\main\java\backend\housekeeper\houseelegantservice\domain\model\aggregates\Keeper.java
C:\Users\HP\IdeaProjects\Back-End-TF\src\main\java\backend\housekeeper\houseelegantservice\infrastucture\persistence\jpa\repositories\HouseRepository.java
C:\Users\HP\IdeaProjects\Back-End-TF\src\main\java\backend\housekeeper\houseelegantservice\interfaces\rest\resources\CreateHouseResource.java
C:\Users\HP\IdeaProjects\Back-End-TF\src\main\java\backend\housekeeper\houseelegantservice\domain\model\command\CreateKeeperCommand.java
C:\Users\HP\IdeaProjects\Back-End-TF\src\main\java\backend\housekeeper\houseelegantservice\domain\model\aggregates\Viaje.java
C:\Users\HP\IdeaProjects\Back-End-TF\src\main\java\backend\housekeeper\houseelegantservice\interfaces\rest\resources\ViajeResource.java
C:\Users\HP\IdeaProjects\Back-End-TF\src\main\java\backend\housekeeper\houseelegantservice\domain\model\query\GetMensajeriaTravellerByIdQuery.java
C:\Users\HP\IdeaProjects\Back-End-TF\src\main\java\backend\housekeeper\houseelegantservice\infrastucture\persistence\jpa\repositories\KeeperRepository.java
C:\Users\HP\IdeaProjects\Back-End-TF\src\main\java\backend\housekeeper\houseelegantservice\interfaces\rest\MensajeriaTravellerController.java
C:\Users\HP\IdeaProjects\Back-End-TF\src\main\java\backend\housekeeper\houseelegantservice\interfaces\rest\resources\CreateViajeResource.java
C:\Users\HP\IdeaProjects\Back-End-TF\src\main\java\backend\housekeeper\houseelegantservice\domain\model\command\CreateMensajeriaTravellerCommand.java
C:\Users\HP\IdeaProjects\Back-End-TF\src\main\java\backend\housekeeper\houseelegantservice\domain\model\query\GetAllMensajesQuery.java
C:\Users\HP\IdeaProjects\Back-End-TF\src\main\java\backend\housekeeper\houseelegantservice\interfaces\rest\transform\MensajeriaTravellerResourceFromEntityAssembler.java
C:\Users\HP\IdeaProjects\Back-End-TF\src\main\java\backend\housekeeper\houseelegantservice\application\service\PexelsService.java
C:\Users\HP\IdeaProjects\Back-End-TF\src\main\java\backend\housekeeper\houseelegantservice\domain\model\aggregates\Mensajeria.java
C:\Users\HP\IdeaProjects\Back-End-TF\src\main\java\backend\housekeeper\houseelegantservice\interfaces\rest\transform\CreateMensajeriaCommandFromResourceAssembler.java
C:\Users\HP\IdeaProjects\Back-End-TF\src\main\java\backend\housekeeper\houseelegantservice\domain\service\MensajeriaQueryService.java
C:\Users\HP\IdeaProjects\Back-End-TF\src\main\java\backend\housekeeper\houseelegantservice\interfaces\rest\ViajesController.java
C:\Users\HP\IdeaProjects\Back-End-TF\src\main\java\backend\housekeeper\houseelegantservice\domain\model\aggregates\MensajeriaTraveller.java
C:\Users\HP\IdeaProjects\Back-End-TF\src\main\java\backend\housekeeper\houseelegantservice\infrastucture\config\RestTemplateConfig.java
C:\Users\HP\IdeaProjects\Back-End-TF\src\main\java\backend\housekeeper\houseelegantservice\interfaces\rest\transform\CreateKeeperRequestCommandFromResourceAssembler.java
C:\Users\HP\IdeaProjects\Back-End-TF\src\main\java\backend\housekeeper\houseelegantservice\domain\service\HouseQueryService.java
C:\Users\HP\IdeaProjects\Back-End-TF\src\main\java\backend\housekeeper\houseelegantservice\domain\service\MensajeriaTravellerCommandService.java
C:\Users\HP\IdeaProjects\Back-End-TF\src\main\java\backend\housekeeper\houseelegantservice\domain\model\valueobjects\PersonName.java
C:\Users\HP\IdeaProjects\Back-End-TF\src\main\java\backend\housekeeper\houseelegantservice\interfaces\rest\resources\MensajeriaTravellerResource.java
C:\Users\HP\IdeaProjects\Back-End-TF\src\main\java\backend\housekeeper\houseelegantservice\domain\service\KeeperRequestQueryService.java
C:\Users\HP\IdeaProjects\Back-End-TF\src\main\java\backend\housekeeper\houseelegantservice\interfaces\rest\resources\CreateKeeperRequestResource.java
C:\Users\HP\IdeaProjects\Back-End-TF\src\main\java\backend\housekeeper\houseelegantservice\interfaces\rest\resources\MensajeriaResource.java
C:\Users\HP\IdeaProjects\Back-End-TF\src\main\java\backend\housekeeper\houseelegantservice\application\internal\commandservices\KeeperRequestCommandServiceImpl.java
C:\Users\HP\IdeaProjects\Back-End-TF\src\main\java\backend\housekeeper\houseelegantservice\interfaces\rest\transform\CreateHouseCommandFromResourceAssembler.java
C:\Users\HP\IdeaProjects\Back-End-TF\src\main\java\backend\housekeeper\houseelegantservice\application\internal\commandservices\ViajeCommandServiceImpl.java
C:\Users\HP\IdeaProjects\Back-End-TF\src\main\java\backend\housekeeper\houseelegantservice\domain\model\query\GetAllHousesQuery.java
C:\Users\HP\IdeaProjects\Back-End-TF\src\main\java\backend\housekeeper\houseelegantservice\application\internal\commandservices\HouseCommandServiceImpl.java
C:\Users\HP\IdeaProjects\Back-End-TF\src\main\java\backend\housekeeper\houseelegantservice\application\internal\queryservices\ViajeQueryServiceImpl.java
C:\Users\HP\IdeaProjects\Back-End-TF\src\main\java\backend\housekeeper\houseelegantservice\interfaces\rest\transform\ViajeResourceFromEntityAssembler.java
C:\Users\HP\IdeaProjects\Back-End-TF\src\main\java\backend\housekeeper\houseelegantservice\domain\model\query\GetMensajeriaByIdQuery.java
C:\Users\HP\IdeaProjects\Back-End-TF\src\main\java\backend\housekeeper\houseelegantservice\domain\service\MensajeriaTravellerQueryService.java
